nohup: ignoring input
2026-10-03 11:28:07 | grama.data.build | INFO | Reusing /home/jovyan/grama/data/processed/cic_iov2024_1427a6ad.pt
2026-10-03 11:28:07 | grama.experiments | INFO | Data: cic_iov2024_1427a6ad.pt | 78 nodes | train 6903 / test 1393 sequences | device NVIDIA A100 80GB PCIe (79 GB)
2026-10-03 11:28:07 | grama.experiments | INFO | Profile full: 291 runs planned, 0 already done, 291 to go
2026-10-03 11:28:07 | grama.models.mamba_block | INFO | MambaBlock: using the pure-PyTorch selective scan.
2026-10-03 11:30:58 | grama.experiments | INFO | grama-hdbscan-a0.5-clean-f0-s0                   acc 1.0000  macro-F1 1.0000  (171s)
2026-10-03 11:33:21 | grama.experiments | INFO | grama-fedavg-a0.5-clean-f0-s0                    acc 1.0000  macro-F1 1.0000  (143s)
2026-10-03 11:33:36 | grama.experiments | INFO | cnn_bigru-fedavg-a0.5-clean-f0-s0                acc 1.0000  macro-F1 1.0000  (15s)
2026-10-03 11:34:42 | grama.experiments | INFO | cnn_bigru-hdbscan-a0.5-clean-f0-s0               acc 1.0000  macro-F1 1.0000  (66s)
2026-10-03 11:36:45 | grama.experiments | INFO | grama-central-a0.5-clean-f0-s0                   acc 0.9993  macro-F1 0.9979  (123s)
2026-10-03 11:39:04 | grama.experiments | INFO | grama-hdbscan-a0.5-clean-f0-s1                   acc 1.0000  macro-F1 1.0000  (139s)
2026-10-03 11:41:00 | grama.experiments | INFO | grama-fedavg-a0.5-clean-f0-s1                    acc 1.0000  macro-F1 1.0000  (115s)
2026-10-03 11:41:18 | grama.experiments | INFO | cnn_bigru-fedavg-a0.5-clean-f0-s1                acc 1.0000  macro-F1 1.0000  (18s)
2026-10-03 11:41:38 | grama.experiments | INFO | cnn_bigru-hdbscan-a0.5-clean-f0-s1               acc 1.0000  macro-F1 1.0000  (20s)
2026-10-03 11:43:28 | grama.experiments | INFO | grama-central-a0.5-clean-f0-s1                   acc 1.0000  macro-F1 1.0000  (110s)
2026-10-03 11:45:00 | grama.experiments | INFO | grama-hdbscan-a0.5-clean-f0-s2                   acc 1.0000  macro-F1 1.0000  (91s)
2026-10-03 11:46:55 | grama.experiments | INFO | grama-fedavg-a0.5-clean-f0-s2                    acc 1.0000  macro-F1 1.0000  (115s)
2026-10-03 11:47:08 | grama.experiments | INFO | cnn_bigru-fedavg-a0.5-clean-f0-s2                acc 1.0000  macro-F1 1.0000  (13s)
2026-10-03 11:47:28 | grama.experiments | INFO | cnn_bigru-hdbscan-a0.5-clean-f0-s2               acc 1.0000  macro-F1 1.0000  (19s)
2026-10-03 11:48:58 | grama.experiments | INFO | grama-central-a0.5-clean-f0-s2                   acc 1.0000  macro-F1 1.0000  (90s)
2026-10-03 11:51:58 | grama.experiments | INFO | grama-hdbscan-a0.05-clean-f0-s0                  acc 0.8335  macro-F1 0.5783  (180s)
2026-10-03 11:54:48 | grama.experiments | INFO | grama-hdbscan-a0.1-clean-f0-s0                   acc 0.9921  macro-F1 0.9507  (170s)
2026-10-03 11:57:39 | grama.experiments | INFO | grama-hdbscan-a1-clean-f0-s0                     acc 1.0000  macro-F1 1.0000  (170s)
2026-10-03 12:00:26 | grama.experiments | INFO | grama-hdbscan-a100-clean-f0-s0                   acc 1.0000  macro-F1 1.0000  (167s)
2026-10-03 12:03:13 | grama.experiments | INFO | grama-fedavg-a0.05-clean-f0-s0                   acc 0.9921  macro-F1 0.9761  (166s)
2026-10-03 12:05:34 | grama.experiments | INFO | grama-fedavg-a0.1-clean-f0-s0                    acc 1.0000  macro-F1 1.0000  (141s)
2026-10-03 12:07:55 | grama.experiments | INFO | grama-fedavg-a1-clean-f0-s0                      acc 1.0000  macro-F1 1.0000  (141s)
2026-10-03 12:09:42 | grama.experiments | INFO | grama-fedavg-a100-clean-f0-s0                    acc 1.0000  macro-F1 1.0000  (107s)
2026-10-03 12:11:51 | grama.experiments | INFO | grama-hdbscan-a0.05-clean-f0-s1                  acc 0.9591  macro-F1 0.8548  (129s)
2026-10-03 12:14:46 | grama.experiments | INFO | grama-hdbscan-a0.1-clean-f0-s1                   acc 0.9928  macro-F1 0.9636  (174s)
2026-10-03 12:17:39 | grama.experiments | INFO | grama-hdbscan-a1-clean-f0-s1                     acc 1.0000  macro-F1 1.0000  (173s)
2026-10-03 12:20:25 | grama.experiments | INFO | grama-hdbscan-a100-clean-f0-s1                   acc 1.0000  macro-F1 1.0000  (166s)
2026-10-03 12:22:47 | grama.experiments | INFO | grama-fedavg-a0.05-clean-f0-s1                   acc 0.9749  macro-F1 0.8939  (141s)
2026-10-03 12:25:12 | grama.experiments | INFO | grama-fedavg-a0.1-clean-f0-s1                    acc 0.9835  macro-F1 0.8112  (145s)
2026-10-03 12:27:35 | grama.experiments | INFO | grama-fedavg-a1-clean-f0-s1                      acc 1.0000  macro-F1 1.0000  (143s)
2026-10-03 12:29:51 | grama.experiments | INFO | grama-fedavg-a100-clean-f0-s1                    acc 1.0000  macro-F1 1.0000  (136s)
2026-10-03 12:33:07 | grama.experiments | INFO | grama-hdbscan-a0.05-clean-f0-s2                  acc 0.8342  macro-F1 0.6688  (196s)
2026-10-03 12:35:48 | grama.experiments | INFO | grama-hdbscan-a0.1-clean-f0-s2                   acc 1.0000  macro-F1 1.0000  (161s)
2026-10-03 12:38:33 | grama.experiments | INFO | grama-hdbscan-a1-clean-f0-s2                     acc 1.0000  macro-F1 1.0000  (164s)
2026-10-03 12:41:22 | grama.experiments | INFO | grama-hdbscan-a100-clean-f0-s2                   acc 0.9993  macro-F1 0.9979  (169s)
2026-10-03 12:44:08 | grama.experiments | INFO | grama-fedavg-a0.05-clean-f0-s2                   acc 0.9576  macro-F1 0.7418  (166s)
2026-10-03 12:46:19 | grama.experiments | INFO | grama-fedavg-a0.1-clean-f0-s2                    acc 0.9756  macro-F1 0.7969  (131s)
2026-10-03 12:48:34 | grama.experiments | INFO | grama-fedavg-a1-clean-f0-s2                      acc 1.0000  macro-F1 1.0000  (135s)
2026-10-03 12:50:54 | grama.experiments | INFO | grama-fedavg-a100-clean-f0-s2                    acc 1.0000  macro-F1 1.0000  (140s)
2026-10-03 12:53:17 | grama.experiments | INFO | grama-fedavg-a0.5-label_flip-f0.1-s0             acc 1.0000  macro-F1 1.0000  (142s)
2026-10-03 12:55:38 | grama.experiments | INFO | grama-fedavg-a0.5-label_flip-f0.2-s0             acc 1.0000  macro-F1 1.0000  (142s)
2026-10-03 12:57:37 | grama.experiments | INFO | grama-fedavg-a0.5-label_flip-f0.3-s0             acc 0.3108  macro-F1 0.6849  (118s)
2026-10-03 12:59:26 | grama.experiments | INFO | grama-fedavg-a0.5-label_flip-f0.4-s0             acc 0.3108  macro-F1 0.7110  (109s)
2026-10-03 13:01:20 | grama.experiments | INFO | grama-fedavg-a0.5-targeted_flip-f0.1-s0          acc 1.0000  macro-F1 1.0000  (113s)
2026-10-03 13:03:24 | grama.experiments | INFO | grama-fedavg-a0.5-targeted_flip-f0.2-s0          acc 1.0000  macro-F1 1.0000  (125s)
2026-10-03 13:05:47 | grama.experiments | INFO | grama-fedavg-a0.5-targeted_flip-f0.3-s0          acc 0.9074  macro-F1 0.6779  (142s)
2026-10-03 13:08:09 | grama.experiments | INFO | grama-fedavg-a0.5-targeted_flip-f0.4-s0          acc 0.9742  macro-F1 0.8108  (142s)
2026-10-03 13:10:31 | grama.experiments | INFO | grama-fedavg-a0.5-magnitude_poison-f0.1-s0       acc 1.0000  macro-F1 1.0000  (142s)
2026-10-03 13:12:53 | grama.experiments | INFO | grama-fedavg-a0.5-magnitude_poison-f0.2-s0       acc 0.9921  macro-F1 0.9761  (142s)
2026-10-03 13:15:15 | grama.experiments | INFO | grama-fedavg-a0.5-magnitude_poison-f0.3-s0       acc 0.7775  macro-F1 0.3737  (142s)
2026-10-03 13:17:38 | grama.experiments | INFO | grama-fedavg-a0.5-magnitude_poison-f0.4-s0       acc 0.7566  macro-F1 0.3239  (142s)
2026-10-03 13:19:46 | grama.experiments | INFO | grama-fedavg-a0.5-alie-f0.1-s0                   acc 1.0000  macro-F1 1.0000  (128s)
2026-10-03 13:22:16 | grama.experiments | INFO | grama-fedavg-a0.5-alie-f0.2-s0                   acc 1.0000  macro-F1 1.0000  (151s)
2026-10-03 13:24:45 | grama.experiments | INFO | grama-fedavg-a0.5-alie-f0.3-s0                   acc 1.0000  macro-F1 1.0000  (148s)
2026-10-03 13:27:28 | grama.experiments | INFO | grama-fedavg-a0.5-alie-f0.4-s0                   acc 1.0000  macro-F1 1.0000  (163s)
2026-10-03 13:29:21 | grama.experiments | INFO | grama-median-a0.5-clean-f0-s0                    acc 1.0000  macro-F1 1.0000  (113s)
2026-10-03 13:31:27 | grama.experiments | INFO | grama-median-a0.5-label_flip-f0.1-s0             acc 1.0000  macro-F1 1.0000  (126s)
2026-10-03 13:33:52 | grama.experiments | INFO | grama-median-a0.5-label_flip-f0.2-s0             acc 1.0000  macro-F1 1.0000  (145s)
2026-10-03 13:36:16 | grama.experiments | INFO | grama-median-a0.5-label_flip-f0.3-s0             acc 1.0000  macro-F1 1.0000  (143s)
2026-10-03 13:38:39 | grama.experiments | INFO | grama-median-a0.5-label_flip-f0.4-s0             acc 1.0000  macro-F1 1.0000  (143s)
2026-10-03 13:41:03 | grama.experiments | INFO | grama-median-a0.5-targeted_flip-f0.1-s0          acc 1.0000  macro-F1 1.0000  (144s)
2026-10-03 13:43:26 | grama.experiments | INFO | grama-median-a0.5-targeted_flip-f0.2-s0          acc 1.0000  macro-F1 1.0000  (143s)
2026-10-03 13:45:49 | grama.experiments | INFO | grama-median-a0.5-targeted_flip-f0.3-s0          acc 0.9835  macro-F1 0.9812  (143s)
2026-10-03 13:48:14 | grama.experiments | INFO | grama-median-a0.5-targeted_flip-f0.4-s0          acc 0.8894  macro-F1 0.6275  (145s)
2026-10-03 13:50:38 | grama.experiments | INFO | grama-median-a0.5-magnitude_poison-f0.1-s0       acc 1.0000  macro-F1 1.0000  (143s)
2026-10-03 13:53:04 | grama.experiments | INFO | grama-median-a0.5-magnitude_poison-f0.2-s0       acc 1.0000  macro-F1 1.0000  (146s)
2026-10-03 13:55:28 | grama.experiments | INFO | grama-median-a0.5-magnitude_poison-f0.3-s0       acc 1.0000  macro-F1 1.0000  (145s)
2026-10-03 13:57:52 | grama.experiments | INFO | grama-median-a0.5-magnitude_poison-f0.4-s0       acc 1.0000  macro-F1 1.0000  (144s)
2026-10-03 14:00:12 | grama.experiments | INFO | grama-median-a0.5-alie-f0.1-s0                   acc 1.0000  macro-F1 1.0000  (140s)
2026-10-03 14:02:35 | grama.experiments | INFO | grama-median-a0.5-alie-f0.2-s0                   acc 1.0000  macro-F1 1.0000  (143s)
2026-10-03 14:04:57 | grama.experiments | INFO | grama-median-a0.5-alie-f0.3-s0                   acc 0.9806  macro-F1 0.9080  (141s)
2026-10-03 14:07:28 | grama.experiments | INFO | grama-median-a0.5-alie-f0.4-s0                   acc 0.9074  macro-F1 0.5778  (151s)
2026-10-03 14:09:50 | grama.experiments | INFO | grama-trimmed_mean-a0.5-clean-f0-s0              acc 1.0000  macro-F1 1.0000  (143s)
2026-10-03 14:12:13 | grama.experiments | INFO | grama-trimmed_mean-a0.5-label_flip-f0.1-s0       acc 1.0000  macro-F1 1.0000  (143s)
2026-10-03 14:14:37 | grama.experiments | INFO | grama-trimmed_mean-a0.5-label_flip-f0.2-s0       acc 1.0000  macro-F1 1.0000  (144s)
2026-10-03 14:17:01 | grama.experiments | INFO | grama-trimmed_mean-a0.5-label_flip-f0.3-s0       acc 0.9921  macro-F1 0.9784  (144s)
2026-10-03 14:19:25 | grama.experiments | INFO | grama-trimmed_mean-a0.5-label_flip-f0.4-s0       acc 0.8751  macro-F1 0.7015  (144s)
2026-10-03 14:21:50 | grama.experiments | INFO | grama-trimmed_mean-a0.5-targeted_flip-f0.1-s0    acc 1.0000  macro-F1 1.0000  (144s)
2026-10-03 14:24:13 | grama.experiments | INFO | grama-trimmed_mean-a0.5-targeted_flip-f0.2-s0    acc 1.0000  macro-F1 1.0000  (143s)
2026-10-03 14:26:36 | grama.experiments | INFO | grama-trimmed_mean-a0.5-targeted_flip-f0.3-s0    acc 0.8636  macro-F1 0.8152  (143s)
2026-10-03 14:28:59 | grama.experiments | INFO | grama-trimmed_mean-a0.5-targeted_flip-f0.4-s0    acc 0.7732  macro-F1 0.5893  (143s)
2026-10-03 14:31:22 | grama.experiments | INFO | grama-trimmed_mean-a0.5-magnitude_poison-f0.1-s0 acc 1.0000  macro-F1 1.0000  (143s)
2026-10-03 14:33:46 | grama.experiments | INFO | grama-trimmed_mean-a0.5-magnitude_poison-f0.2-s0 acc 1.0000  macro-F1 1.0000  (144s)
2026-10-03 14:36:10 | grama.experiments | INFO | grama-trimmed_mean-a0.5-magnitude_poison-f0.3-s0 acc 1.0000  macro-F1 1.0000  (144s)
2026-10-03 14:38:33 | grama.experiments | INFO | grama-trimmed_mean-a0.5-magnitude_poison-f0.4-s0 acc 0.9569  macro-F1 0.7881  (143s)
2026-10-03 14:40:58 | grama.experiments | INFO | grama-trimmed_mean-a0.5-alie-f0.1-s0             acc 1.0000  macro-F1 1.0000  (145s)
2026-10-03 14:43:25 | grama.experiments | INFO | grama-trimmed_mean-a0.5-alie-f0.2-s0             acc 1.0000  macro-F1 1.0000  (147s)
2026-10-03 14:45:51 | grama.experiments | INFO | grama-trimmed_mean-a0.5-alie-f0.3-s0             acc 1.0000  macro-F1 1.0000  (146s)
2026-10-03 14:48:18 | grama.experiments | INFO | grama-trimmed_mean-a0.5-alie-f0.4-s0             acc 1.0000  macro-F1 1.0000  (146s)
2026-10-03 14:50:40 | grama.experiments | INFO | grama-krum-a0.5-clean-f0-s0                      acc 1.0000  macro-F1 1.0000  (142s)
2026-10-03 14:53:03 | grama.experiments | INFO | grama-krum-a0.5-label_flip-f0.1-s0               acc 1.0000  macro-F1 1.0000  (142s)
2026-10-03 14:55:26 | grama.experiments | INFO | grama-krum-a0.5-label_flip-f0.2-s0               acc 1.0000  macro-F1 1.0000  (143s)
2026-10-03 14:57:48 | grama.experiments | INFO | grama-krum-a0.5-label_flip-f0.3-s0               acc 1.0000  macro-F1 1.0000  (142s)
2026-10-03 15:00:11 | grama.experiments | INFO | grama-krum-a0.5-label_flip-f0.4-s0               acc 1.0000  macro-F1 1.0000  (143s)
2026-10-03 15:02:34 | grama.experiments | INFO | grama-krum-a0.5-targeted_flip-f0.1-s0            acc 1.0000  macro-F1 1.0000  (143s)
2026-10-03 15:04:57 | grama.experiments | INFO | grama-krum-a0.5-targeted_flip-f0.2-s0            acc 1.0000  macro-F1 1.0000  (142s)
2026-10-03 15:07:21 | grama.experiments | INFO | grama-krum-a0.5-targeted_flip-f0.3-s0            acc 0.9828  macro-F1 0.9554  (144s)
2026-10-03 15:09:43 | grama.experiments | INFO | grama-krum-a0.5-targeted_flip-f0.4-s0            acc 0.9828  macro-F1 0.9803  (143s)
2026-10-03 15:12:06 | grama.experiments | INFO | grama-krum-a0.5-magnitude_poison-f0.1-s0         acc 1.0000  macro-F1 1.0000  (142s)
2026-10-03 15:14:29 | grama.experiments | INFO | grama-krum-a0.5-magnitude_poison-f0.2-s0         acc 1.0000  macro-F1 1.0000  (142s)
2026-10-03 15:16:52 | grama.experiments | INFO | grama-krum-a0.5-magnitude_poison-f0.3-s0         acc 1.0000  macro-F1 1.0000  (143s)
2026-10-03 15:19:16 | grama.experiments | INFO | grama-krum-a0.5-magnitude_poison-f0.4-s0         acc 0.9670  macro-F1 0.7704  (144s)
2026-10-03 15:21:41 | grama.experiments | INFO | grama-krum-a0.5-alie-f0.1-s0                     acc 1.0000  macro-F1 1.0000  (145s)
2026-10-03 15:24:07 | grama.experiments | INFO | grama-krum-a0.5-alie-f0.2-s0                     acc 1.0000  macro-F1 1.0000  (146s)
2026-10-03 15:26:33 | grama.experiments | INFO | grama-krum-a0.5-alie-f0.3-s0                     acc 1.0000  macro-F1 1.0000  (146s)
2026-10-03 15:29:01 | grama.experiments | INFO | grama-krum-a0.5-alie-f0.4-s0                     acc 0.9842  macro-F1 0.9141  (148s)
2026-10-03 15:31:25 | grama.experiments | INFO | grama-norm_clip-a0.5-clean-f0-s0                 acc 1.0000  macro-F1 1.0000  (144s)
2026-10-03 15:33:48 | grama.experiments | INFO | grama-norm_clip-a0.5-label_flip-f0.1-s0          acc 1.0000  macro-F1 1.0000  (143s)
2026-10-03 15:36:12 | grama.experiments | INFO | grama-norm_clip-a0.5-label_flip-f0.2-s0          acc 1.0000  macro-F1 1.0000  (143s)
2026-10-03 15:38:36 | grama.experiments | INFO | grama-norm_clip-a0.5-label_flip-f0.3-s0          acc 1.0000  macro-F1 1.0000  (144s)
2026-10-03 15:41:01 | grama.experiments | INFO | grama-norm_clip-a0.5-label_flip-f0.4-s0          acc 0.9928  macro-F1 0.9803  (144s)
2026-10-03 15:43:24 | grama.experiments | INFO | grama-norm_clip-a0.5-targeted_flip-f0.1-s0       acc 1.0000  macro-F1 1.0000  (143s)
2026-10-03 15:45:47 | grama.experiments | INFO | grama-norm_clip-a0.5-targeted_flip-f0.2-s0       acc 1.0000  macro-F1 1.0000  (143s)
2026-10-03 15:48:09 | grama.experiments | INFO | grama-norm_clip-a0.5-targeted_flip-f0.3-s0       acc 0.8291  macro-F1 0.7658  (142s)
2026-10-03 15:50:33 | grama.experiments | INFO | grama-norm_clip-a0.5-targeted_flip-f0.4-s0       acc 0.8981  macro-F1 0.6675  (144s)
2026-10-03 15:52:57 | grama.experiments | INFO | grama-norm_clip-a0.5-magnitude_poison-f0.1-s0    acc 1.0000  macro-F1 1.0000  (143s)
2026-10-03 15:55:20 | grama.experiments | INFO | grama-norm_clip-a0.5-magnitude_poison-f0.2-s0    acc 1.0000  macro-F1 1.0000  (143s)
2026-10-03 15:57:44 | grama.experiments | INFO | grama-norm_clip-a0.5-magnitude_poison-f0.3-s0    acc 1.0000  macro-F1 1.0000  (144s)
2026-10-03 16:00:08 | grama.experiments | INFO | grama-norm_clip-a0.5-magnitude_poison-f0.4-s0    acc 1.0000  macro-F1 1.0000  (144s)
2026-10-03 16:02:34 | grama.experiments | INFO | grama-norm_clip-a0.5-alie-f0.1-s0                acc 1.0000  macro-F1 1.0000  (146s)
2026-10-03 16:05:03 | grama.experiments | INFO | grama-norm_clip-a0.5-alie-f0.2-s0                acc 1.0000  macro-F1 1.0000  (149s)
2026-10-03 16:07:31 | grama.experiments | INFO | grama-norm_clip-a0.5-alie-f0.3-s0                acc 1.0000  macro-F1 1.0000  (147s)
2026-10-03 16:09:58 | grama.experiments | INFO | grama-norm_clip-a0.5-alie-f0.4-s0                acc 1.0000  macro-F1 1.0000  (147s)
2026-10-03 16:12:22 | grama.experiments | INFO | grama-flame-a0.5-clean-f0-s0                     acc 1.0000  macro-F1 1.0000  (143s)
2026-10-03 16:14:46 | grama.experiments | INFO | grama-flame-a0.5-label_flip-f0.1-s0              acc 1.0000  macro-F1 1.0000  (144s)
2026-10-03 16:17:12 | grama.experiments | INFO | grama-flame-a0.5-label_flip-f0.2-s0              acc 1.0000  macro-F1 1.0000  (145s)
2026-10-03 16:19:37 | grama.experiments | INFO | grama-flame-a0.5-label_flip-f0.3-s0              acc 1.0000  macro-F1 1.0000  (145s)
2026-10-03 16:22:02 | grama.experiments | INFO | grama-flame-a0.5-label_flip-f0.4-s0              acc 1.0000  macro-F1 1.0000  (145s)
2026-10-03 16:24:26 | grama.experiments | INFO | grama-flame-a0.5-targeted_flip-f0.1-s0           acc 1.0000  macro-F1 1.0000  (144s)
2026-10-03 16:26:49 | grama.experiments | INFO | grama-flame-a0.5-targeted_flip-f0.2-s0           acc 1.0000  macro-F1 1.0000  (142s)
2026-10-03 16:29:12 | grama.experiments | INFO | grama-flame-a0.5-targeted_flip-f0.3-s0           acc 1.0000  macro-F1 1.0000  (143s)
2026-10-03 16:31:36 | grama.experiments | INFO | grama-flame-a0.5-targeted_flip-f0.4-s0           acc 1.0000  macro-F1 1.0000  (144s)
2026-10-03 16:33:59 | grama.experiments | INFO | grama-flame-a0.5-magnitude_poison-f0.1-s0        acc 1.0000  macro-F1 1.0000  (143s)
2026-10-03 16:36:23 | grama.experiments | INFO | grama-flame-a0.5-magnitude_poison-f0.2-s0        acc 1.0000  macro-F1 1.0000  (143s)
2026-10-03 16:38:46 | grama.experiments | INFO | grama-flame-a0.5-magnitude_poison-f0.3-s0        acc 1.0000  macro-F1 1.0000  (143s)
2026-10-03 16:41:09 | grama.experiments | INFO | grama-flame-a0.5-magnitude_poison-f0.4-s0        acc 0.9842  macro-F1 0.9584  (143s)
2026-10-03 16:43:35 | grama.experiments | INFO | grama-flame-a0.5-alie-f0.1-s0                    acc 1.0000  macro-F1 1.0000  (146s)
2026-10-03 16:46:02 | grama.experiments | INFO | grama-flame-a0.5-alie-f0.2-s0                    acc 1.0000  macro-F1 1.0000  (147s)
2026-10-03 16:48:29 | grama.experiments | INFO | grama-flame-a0.5-alie-f0.3-s0                    acc 1.0000  macro-F1 1.0000  (146s)
2026-10-03 16:50:56 | grama.experiments | INFO | grama-flame-a0.5-alie-f0.4-s0                    acc 0.8672  macro-F1 0.6792  (147s)
2026-10-03 16:53:47 | grama.experiments | INFO | grama-hdbscan-a0.5-label_flip-f0.1-s0            acc 1.0000  macro-F1 1.0000  (171s)
2026-10-03 16:56:39 | grama.experiments | INFO | grama-hdbscan-a0.5-label_flip-f0.2-s0            acc 1.0000  macro-F1 1.0000  (171s)
2026-10-03 16:59:30 | grama.experiments | INFO | grama-hdbscan-a0.5-label_flip-f0.3-s0            acc 1.0000  macro-F1 1.0000  (171s)
2026-10-03 17:02:21 | grama.experiments | INFO | grama-hdbscan-a0.5-label_flip-f0.4-s0            acc 1.0000  macro-F1 1.0000  (171s)
2026-10-03 17:05:12 | grama.experiments | INFO | grama-hdbscan-a0.5-targeted_flip-f0.1-s0         acc 1.0000  macro-F1 1.0000  (171s)
2026-10-03 17:08:04 | grama.experiments | INFO | grama-hdbscan-a0.5-targeted_flip-f0.2-s0         acc 1.0000  macro-F1 1.0000  (171s)
2026-10-03 17:10:55 | grama.experiments | INFO | grama-hdbscan-a0.5-targeted_flip-f0.3-s0         acc 1.0000  macro-F1 1.0000  (171s)
2026-10-03 17:13:47 | grama.experiments | INFO | grama-hdbscan-a0.5-targeted_flip-f0.4-s0         acc 1.0000  macro-F1 1.0000  (171s)
2026-10-03 17:16:38 | grama.experiments | INFO | grama-hdbscan-a0.5-magnitude_poison-f0.1-s0      acc 1.0000  macro-F1 1.0000  (171s)
2026-10-03 17:19:29 | grama.experiments | INFO | grama-hdbscan-a0.5-magnitude_poison-f0.2-s0      acc 1.0000  macro-F1 1.0000  (171s)
2026-10-03 17:22:20 | grama.experiments | INFO | grama-hdbscan-a0.5-magnitude_poison-f0.3-s0      acc 0.9993  macro-F1 0.9985  (171s)
2026-10-03 17:25:12 | grama.experiments | INFO | grama-hdbscan-a0.5-magnitude_poison-f0.4-s0      acc 0.9914  macro-F1 0.9388  (171s)
2026-10-03 17:28:05 | grama.experiments | INFO | grama-hdbscan-a0.5-alie-f0.1-s0                  acc 1.0000  macro-F1 1.0000  (173s)
2026-10-03 17:31:01 | grama.experiments | INFO | grama-hdbscan-a0.5-alie-f0.2-s0                  acc 1.0000  macro-F1 1.0000  (176s)
2026-10-03 17:33:57 | grama.experiments | INFO | grama-hdbscan-a0.5-alie-f0.3-s0                  acc 1.0000  macro-F1 1.0000  (176s)
2026-10-03 17:36:52 | grama.experiments | INFO | grama-hdbscan-a0.5-alie-f0.4-s0                  acc 0.9605  macro-F1 0.8607  (175s)
2026-10-03 17:39:17 | grama.experiments | INFO | grama-fedavg-a0.5-label_flip-f0.1-s1             acc 1.0000  macro-F1 1.0000  (145s)
2026-10-03 17:41:42 | grama.experiments | INFO | grama-fedavg-a0.5-label_flip-f0.2-s1             acc 1.0000  macro-F1 1.0000  (145s)
2026-10-03 17:44:07 | grama.experiments | INFO | grama-fedavg-a0.5-label_flip-f0.3-s1             acc 1.0000  macro-F1 1.0000  (145s)
2026-10-03 17:46:32 | grama.experiments | INFO | grama-fedavg-a0.5-label_flip-f0.4-s1             acc 0.9756  macro-F1 0.8953  (145s)
2026-10-03 17:48:57 | grama.experiments | INFO | grama-fedavg-a0.5-targeted_flip-f0.1-s1          acc 1.0000  macro-F1 1.0000  (144s)
2026-10-03 17:51:21 | grama.experiments | INFO | grama-fedavg-a0.5-targeted_flip-f0.2-s1          acc 1.0000  macro-F1 1.0000  (144s)
2026-10-03 17:53:46 | grama.experiments | INFO | grama-fedavg-a0.5-targeted_flip-f0.3-s1          acc 0.9835  macro-F1 0.9812  (145s)
2026-10-03 17:56:12 | grama.experiments | INFO | grama-fedavg-a0.5-targeted_flip-f0.4-s1          acc 0.9239  macro-F1 0.7147  (145s)
2026-10-03 17:58:37 | grama.experiments | INFO | grama-fedavg-a0.5-magnitude_poison-f0.1-s1       acc 1.0000  macro-F1 1.0000  (145s)
2026-10-03 18:01:02 | grama.experiments | INFO | grama-fedavg-a0.5-magnitude_poison-f0.2-s1       acc 0.9584  macro-F1 0.7576  (145s)
2026-10-03 18:03:27 | grama.experiments | INFO | grama-fedavg-a0.5-magnitude_poison-f0.3-s1       acc 0.2735  macro-F1 0.3413  (145s)
2026-10-03 18:05:53 | grama.experiments | INFO | grama-fedavg-a0.5-magnitude_poison-f0.4-s1       acc 0.7114  macro-F1 0.3059  (145s)
2026-10-03 18:08:21 | grama.experiments | INFO | grama-fedavg-a0.5-alie-f0.1-s1                   acc 1.0000  macro-F1 1.0000  (148s)
2026-10-03 18:10:50 | grama.experiments | INFO | grama-fedavg-a0.5-alie-f0.2-s1                   acc 1.0000  macro-F1 1.0000  (148s)
2026-10-03 18:13:19 | grama.experiments | INFO | grama-fedavg-a0.5-alie-f0.3-s1                   acc 0.9993  macro-F1 0.9985  (149s)
2026-10-03 18:15:48 | grama.experiments | INFO | grama-fedavg-a0.5-alie-f0.4-s1                   acc 0.9239  macro-F1 0.6615  (150s)
2026-10-03 18:18:15 | grama.experiments | INFO | grama-median-a0.5-clean-f0-s1                    acc 1.0000  macro-F1 1.0000  (146s)
2026-10-03 18:20:42 | grama.experiments | INFO | grama-median-a0.5-label_flip-f0.1-s1             acc 1.0000  macro-F1 1.0000  (147s)
2026-10-03 18:23:07 | grama.experiments | INFO | grama-median-a0.5-label_flip-f0.2-s1             acc 1.0000  macro-F1 1.0000  (145s)
2026-10-03 18:25:38 | grama.experiments | INFO | grama-median-a0.5-label_flip-f0.3-s1             acc 1.0000  macro-F1 1.0000  (151s)
2026-10-03 18:27:09 | grama.experiments | INFO | grama-median-a0.5-label_flip-f0.4-s1             acc 0.9993  macro-F1 0.9985  (91s)
2026-10-03 18:29:16 | grama.experiments | INFO | grama-median-a0.5-targeted_flip-f0.1-s1          acc 1.0000  macro-F1 1.0000  (126s)
2026-10-03 18:31:09 | grama.experiments | INFO | grama-median-a0.5-targeted_flip-f0.2-s1          acc 1.0000  macro-F1 1.0000  (112s)
2026-10-03 18:33:14 | grama.experiments | INFO | grama-median-a0.5-targeted_flip-f0.3-s1          acc 1.0000  macro-F1 1.0000  (125s)
2026-10-03 18:35:03 | grama.experiments | INFO | grama-median-a0.5-targeted_flip-f0.4-s1          acc 0.9914  macro-F1 0.9741  (109s)
2026-10-03 18:37:19 | grama.experiments | INFO | grama-median-a0.5-magnitude_poison-f0.1-s1       acc 1.0000  macro-F1 1.0000  (136s)
2026-10-03 18:39:46 | grama.experiments | INFO | grama-median-a0.5-magnitude_poison-f0.2-s1       acc 1.0000  macro-F1 1.0000  (146s)
2026-10-03 18:42:13 | grama.experiments | INFO | grama-median-a0.5-magnitude_poison-f0.3-s1       acc 1.0000  macro-F1 1.0000  (148s)
2026-10-03 18:44:41 | grama.experiments | INFO | grama-median-a0.5-magnitude_poison-f0.4-s1       acc 0.9835  macro-F1 0.8112  (147s)
2026-10-03 18:47:11 | grama.experiments | INFO | grama-median-a0.5-alie-f0.1-s1                   acc 1.0000  macro-F1 1.0000  (150s)
2026-10-03 18:49:41 | grama.experiments | INFO | grama-median-a0.5-alie-f0.2-s1                   acc 1.0000  macro-F1 1.0000  (150s)
2026-10-03 18:52:14 | grama.experiments | INFO | grama-median-a0.5-alie-f0.3-s1                   acc 0.9569  macro-F1 0.7201  (153s)
2026-10-03 18:54:45 | grama.experiments | INFO | grama-median-a0.5-alie-f0.4-s1                   acc 0.8069  macro-F1 0.3399  (151s)
2026-10-03 18:57:11 | grama.experiments | INFO | grama-trimmed_mean-a0.5-clean-f0-s1              acc 1.0000  macro-F1 1.0000  (146s)
2026-10-03 18:59:37 | grama.experiments | INFO | grama-trimmed_mean-a0.5-label_flip-f0.1-s1       acc 1.0000  macro-F1 1.0000  (146s)
2026-10-03 19:02:02 | grama.experiments | INFO | grama-trimmed_mean-a0.5-label_flip-f0.2-s1       acc 1.0000  macro-F1 1.0000  (145s)
2026-10-03 19:04:28 | grama.experiments | INFO | grama-trimmed_mean-a0.5-label_flip-f0.3-s1       acc 1.0000  macro-F1 1.0000  (145s)
2026-10-03 19:06:54 | grama.experiments | INFO | grama-trimmed_mean-a0.5-label_flip-f0.4-s1       acc 1.0000  macro-F1 1.0000  (146s)
2026-10-03 19:09:20 | grama.experiments | INFO | grama-trimmed_mean-a0.5-targeted_flip-f0.1-s1    acc 1.0000  macro-F1 1.0000  (145s)
2026-10-03 19:11:45 | grama.experiments | INFO | grama-trimmed_mean-a0.5-targeted_flip-f0.2-s1    acc 1.0000  macro-F1 1.0000  (146s)
2026-10-03 19:14:13 | grama.experiments | INFO | grama-trimmed_mean-a0.5-targeted_flip-f0.3-s1    acc 1.0000  macro-F1 1.0000  (147s)
2026-10-03 19:16:39 | grama.experiments | INFO | grama-trimmed_mean-a0.5-targeted_flip-f0.4-s1    acc 0.9914  macro-F1 0.9801  (146s)
2026-10-03 19:19:05 | grama.experiments | INFO | grama-trimmed_mean-a0.5-magnitude_poison-f0.1-s1 acc 1.0000  macro-F1 1.0000  (145s)
2026-10-03 19:21:31 | grama.experiments | INFO | grama-trimmed_mean-a0.5-magnitude_poison-f0.2-s1 acc 1.0000  macro-F1 1.0000  (146s)
2026-10-03 19:23:56 | grama.experiments | INFO | grama-trimmed_mean-a0.5-magnitude_poison-f0.3-s1 acc 1.0000  macro-F1 1.0000  (145s)
2026-10-03 19:26:22 | grama.experiments | INFO | grama-trimmed_mean-a0.5-magnitude_poison-f0.4-s1 acc 0.9914  macro-F1 0.9489  (146s)
2026-10-03 19:28:51 | grama.experiments | INFO | grama-trimmed_mean-a0.5-alie-f0.1-s1             acc 1.0000  macro-F1 1.0000  (148s)
2026-10-03 19:31:24 | grama.experiments | INFO | grama-trimmed_mean-a0.5-alie-f0.2-s1             acc 1.0000  macro-F1 1.0000  (152s)
2026-10-03 19:33:55 | grama.experiments | INFO | grama-trimmed_mean-a0.5-alie-f0.3-s1             acc 0.9993  macro-F1 0.9950  (151s)
2026-10-03 19:36:26 | grama.experiments | INFO | grama-trimmed_mean-a0.5-alie-f0.4-s1             acc 0.9411  macro-F1 0.6078  (151s)
2026-10-03 19:38:53 | grama.experiments | INFO | grama-krum-a0.5-clean-f0-s1                      acc 1.0000  macro-F1 1.0000  (147s)
2026-10-03 19:41:21 | grama.experiments | INFO | grama-krum-a0.5-label_flip-f0.1-s1               acc 1.0000  macro-F1 1.0000  (148s)
2026-10-03 19:43:52 | grama.experiments | INFO | grama-krum-a0.5-label_flip-f0.2-s1               acc 1.0000  macro-F1 1.0000  (151s)
2026-10-03 19:46:19 | grama.experiments | INFO | grama-krum-a0.5-label_flip-f0.3-s1               acc 1.0000  macro-F1 1.0000  (147s)
2026-10-03 19:48:48 | grama.experiments | INFO | grama-krum-a0.5-label_flip-f0.4-s1               acc 1.0000  macro-F1 1.0000  (148s)
2026-10-03 19:50:38 | grama.experiments | INFO | grama-krum-a0.5-targeted_flip-f0.1-s1            acc 1.0000  macro-F1 1.0000  (110s)
2026-10-03 19:52:11 | grama.experiments | INFO | grama-krum-a0.5-targeted_flip-f0.2-s1            acc 1.0000  macro-F1 1.0000  (92s)
2026-10-03 19:53:48 | grama.experiments | INFO | grama-krum-a0.5-targeted_flip-f0.3-s1            acc 1.0000  macro-F1 1.0000  (97s)
2026-10-03 19:55:32 | grama.experiments | INFO | grama-krum-a0.5-targeted_flip-f0.4-s1            acc 0.9993  macro-F1 0.9976  (104s)
2026-10-03 19:57:19 | grama.experiments | INFO | grama-krum-a0.5-magnitude_poison-f0.1-s1         acc 1.0000  macro-F1 1.0000  (107s)
2026-10-03 19:59:48 | grama.experiments | INFO | grama-krum-a0.5-magnitude_poison-f0.2-s1         acc 1.0000  macro-F1 1.0000  (149s)
2026-10-03 20:02:19 | grama.experiments | INFO | grama-krum-a0.5-magnitude_poison-f0.3-s1         acc 1.0000  macro-F1 1.0000  (151s)
2026-10-03 20:04:48 | grama.experiments | INFO | grama-krum-a0.5-magnitude_poison-f0.4-s1         acc 1.0000  macro-F1 1.0000  (149s)
2026-10-03 20:07:22 | grama.experiments | INFO | grama-krum-a0.5-alie-f0.1-s1                     acc 1.0000  macro-F1 1.0000  (153s)
2026-10-03 20:09:53 | grama.experiments | INFO | grama-krum-a0.5-alie-f0.2-s1                     acc 1.0000  macro-F1 1.0000  (151s)
2026-10-03 20:12:24 | grama.experiments | INFO | grama-krum-a0.5-alie-f0.3-s1                     acc 0.9986  macro-F1 0.9926  (151s)
2026-10-03 20:14:56 | grama.experiments | INFO | grama-krum-a0.5-alie-f0.4-s1                     acc 0.9332  macro-F1 0.5984  (152s)
2026-10-03 20:17:24 | grama.experiments | INFO | grama-norm_clip-a0.5-clean-f0-s1                 acc 1.0000  macro-F1 1.0000  (147s)
2026-10-03 20:19:52 | grama.experiments | INFO | grama-norm_clip-a0.5-label_flip-f0.1-s1          acc 1.0000  macro-F1 1.0000  (148s)
2026-10-03 20:22:21 | grama.experiments | INFO | grama-norm_clip-a0.5-label_flip-f0.2-s1          acc 1.0000  macro-F1 1.0000  (149s)
2026-10-03 20:24:46 | grama.experiments | INFO | grama-norm_clip-a0.5-label_flip-f0.3-s1          acc 1.0000  macro-F1 1.0000  (145s)
2026-10-03 20:27:11 | grama.experiments | INFO | grama-norm_clip-a0.5-label_flip-f0.4-s1          acc 1.0000  macro-F1 1.0000  (145s)
2026-10-03 20:29:36 | grama.experiments | INFO | grama-norm_clip-a0.5-targeted_flip-f0.1-s1       acc 1.0000  macro-F1 1.0000  (145s)
2026-10-03 20:32:01 | grama.experiments | INFO | grama-norm_clip-a0.5-targeted_flip-f0.2-s1       acc 1.0000  macro-F1 1.0000  (145s)
2026-10-03 20:34:26 | grama.experiments | INFO | grama-norm_clip-a0.5-targeted_flip-f0.3-s1       acc 1.0000  macro-F1 1.0000  (145s)
2026-10-03 20:36:52 | grama.experiments | INFO | grama-norm_clip-a0.5-targeted_flip-f0.4-s1       acc 0.9756  macro-F1 0.8960  (146s)
2026-10-03 20:39:18 | grama.experiments | INFO | grama-norm_clip-a0.5-magnitude_poison-f0.1-s1    acc 1.0000  macro-F1 1.0000  (146s)
2026-10-03 20:41:43 | grama.experiments | INFO | grama-norm_clip-a0.5-magnitude_poison-f0.2-s1    acc 1.0000  macro-F1 1.0000  (145s)
2026-10-03 20:44:11 | grama.experiments | INFO | grama-norm_clip-a0.5-magnitude_poison-f0.3-s1    acc 1.0000  macro-F1 1.0000  (147s)
2026-10-03 20:46:37 | grama.experiments | INFO | grama-norm_clip-a0.5-magnitude_poison-f0.4-s1    acc 1.0000  macro-F1 1.0000  (146s)
2026-10-03 20:49:08 | grama.experiments | INFO | grama-norm_clip-a0.5-alie-f0.1-s1                acc 1.0000  macro-F1 1.0000  (151s)
2026-10-03 20:51:38 | grama.experiments | INFO | grama-norm_clip-a0.5-alie-f0.2-s1                acc 1.0000  macro-F1 1.0000  (150s)
2026-10-03 20:54:07 | grama.experiments | INFO | grama-norm_clip-a0.5-alie-f0.3-s1                acc 0.9993  macro-F1 0.9985  (149s)
2026-10-03 20:56:40 | grama.experiments | INFO | grama-norm_clip-a0.5-alie-f0.4-s1                acc 0.9576  macro-F1 0.8507  (153s)
2026-10-03 20:59:09 | grama.experiments | INFO | grama-flame-a0.5-clean-f0-s1                     acc 1.0000  macro-F1 1.0000  (149s)
2026-10-03 21:01:37 | grama.experiments | INFO | grama-flame-a0.5-label_flip-f0.1-s1              acc 1.0000  macro-F1 1.0000  (148s)
2026-10-03 21:04:05 | grama.experiments | INFO | grama-flame-a0.5-label_flip-f0.2-s1              acc 1.0000  macro-F1 1.0000  (148s)
2026-10-03 21:06:34 | grama.experiments | INFO | grama-flame-a0.5-label_flip-f0.3-s1              acc 1.0000  macro-F1 1.0000  (149s)
2026-10-03 21:09:01 | grama.experiments | INFO | grama-flame-a0.5-label_flip-f0.4-s1              acc 1.0000  macro-F1 1.0000  (147s)
2026-10-03 21:11:29 | grama.experiments | INFO | grama-flame-a0.5-targeted_flip-f0.1-s1           acc 1.0000  macro-F1 1.0000  (148s)
2026-10-03 21:13:56 | grama.experiments | INFO | grama-flame-a0.5-targeted_flip-f0.2-s1           acc 1.0000  macro-F1 1.0000  (147s)
2026-10-03 21:16:22 | grama.experiments | INFO | grama-flame-a0.5-targeted_flip-f0.3-s1           acc 0.9993  macro-F1 0.9976  (146s)
2026-10-03 21:18:49 | grama.experiments | INFO | grama-flame-a0.5-targeted_flip-f0.4-s1           acc 0.9914  macro-F1 0.9487  (146s)
2026-10-03 21:21:16 | grama.experiments | INFO | grama-flame-a0.5-magnitude_poison-f0.1-s1        acc 1.0000  macro-F1 1.0000  (146s)
2026-10-03 21:23:41 | grama.experiments | INFO | grama-flame-a0.5-magnitude_poison-f0.2-s1        acc 1.0000  macro-F1 1.0000  (146s)
2026-10-03 21:26:08 | grama.experiments | INFO | grama-flame-a0.5-magnitude_poison-f0.3-s1        acc 1.0000  macro-F1 1.0000  (146s)
2026-10-03 21:28:35 | grama.experiments | INFO | grama-flame-a0.5-magnitude_poison-f0.4-s1        acc 1.0000  macro-F1 1.0000  (147s)
2026-10-03 21:31:04 | grama.experiments | INFO | grama-flame-a0.5-alie-f0.1-s1                    acc 1.0000  macro-F1 1.0000  (149s)
2026-10-03 21:33:33 | grama.experiments | INFO | grama-flame-a0.5-alie-f0.2-s1                    acc 1.0000  macro-F1 1.0000  (149s)
2026-10-03 21:36:04 | grama.experiments | INFO | grama-flame-a0.5-alie-f0.3-s1                    acc 0.9821  macro-F1 0.8768  (151s)
2026-10-03 21:38:07 | grama.experiments | INFO | grama-flame-a0.5-alie-f0.4-s1                    acc 0.8650  macro-F1 0.5151  (123s)
2026-10-03 21:41:01 | grama.experiments | INFO | grama-hdbscan-a0.5-label_flip-f0.1-s1            acc 1.0000  macro-F1 1.0000  (175s)
2026-10-03 21:43:56 | grama.experiments | INFO | grama-hdbscan-a0.5-label_flip-f0.2-s1            acc 1.0000  macro-F1 1.0000  (174s)
2026-10-03 21:46:51 | grama.experiments | INFO | grama-hdbscan-a0.5-label_flip-f0.3-s1            acc 1.0000  macro-F1 1.0000  (174s)
2026-10-03 21:49:45 | grama.experiments | INFO | grama-hdbscan-a0.5-label_flip-f0.4-s1            acc 1.0000  macro-F1 1.0000  (174s)
2026-10-03 21:52:39 | grama.experiments | INFO | grama-hdbscan-a0.5-targeted_flip-f0.1-s1         acc 1.0000  macro-F1 1.0000  (174s)
2026-10-03 21:55:34 | grama.experiments | INFO | grama-hdbscan-a0.5-targeted_flip-f0.2-s1         acc 1.0000  macro-F1 1.0000  (174s)
2026-10-03 21:58:31 | grama.experiments | INFO | grama-hdbscan-a0.5-targeted_flip-f0.3-s1         acc 0.9993  macro-F1 0.9976  (177s)
2026-10-03 22:01:27 | grama.experiments | INFO | grama-hdbscan-a0.5-targeted_flip-f0.4-s1         acc 0.9993  macro-F1 0.9976  (176s)
2026-10-03 22:04:21 | grama.experiments | INFO | grama-hdbscan-a0.5-magnitude_poison-f0.1-s1      acc 1.0000  macro-F1 1.0000  (174s)
2026-10-03 22:07:15 | grama.experiments | INFO | grama-hdbscan-a0.5-magnitude_poison-f0.2-s1      acc 1.0000  macro-F1 1.0000  (174s)
2026-10-03 22:10:11 | grama.experiments | INFO | grama-hdbscan-a0.5-magnitude_poison-f0.3-s1      acc 1.0000  macro-F1 1.0000  (176s)
2026-10-03 22:13:09 | grama.experiments | INFO | grama-hdbscan-a0.5-magnitude_poison-f0.4-s1      acc 0.9921  macro-F1 0.9778  (178s)
2026-10-03 22:16:11 | grama.experiments | INFO | grama-hdbscan-a0.5-alie-f0.1-s1                  acc 1.0000  macro-F1 1.0000  (182s)
2026-10-03 22:19:13 | grama.experiments | INFO | grama-hdbscan-a0.5-alie-f0.2-s1                  acc 1.0000  macro-F1 1.0000  (181s)
2026-10-03 22:22:13 | grama.experiments | INFO | grama-hdbscan-a0.5-alie-f0.3-s1                  acc 0.9899  macro-F1 0.9189  (180s)
2026-10-03 22:25:11 | grama.experiments | INFO | grama-hdbscan-a0.5-alie-f0.4-s1                  acc 0.9189  macro-F1 0.5657  (179s)
2026-10-03 22:27:32 | grama.experiments | INFO | grama-fedavg-a0.5-clean-f0-s0-no_residual        acc 1.0000  macro-F1 1.0000  (140s)
2026-10-03 22:29:54 | grama.experiments | INFO | grama-fedavg-a0.5-clean-f0-s0-no_id_embedding    acc 0.9914  macro-F1 0.9764  (142s)
2026-10-03 22:32:18 | grama.experiments | INFO | grama-fedavg-a0.5-clean-f0-s0-mean_pool          acc 1.0000  macro-F1 1.0000  (144s)
2026-10-03 22:34:40 | grama.experiments | INFO | grama-fedavg-a0.5-clean-f0-s0-cooccurrence_edges acc 1.0000  macro-F1 1.0000  (142s)
2026-10-03 22:36:25 | grama.experiments | INFO | grama-fedavg-a0.5-clean-f0-s0-gru_instead_of_mamba acc 1.0000  macro-F1 1.0000  (105s)
2026-10-03 22:37:44 | grama.experiments | INFO | grama-fedavg-a0.5-clean-f0-s0-no_temporal        acc 0.9993  macro-F1 0.9985  (79s)
2026-10-03 22:40:07 | grama.experiments | INFO | grama-fedavg-a0.5-clean-f0-s1-no_residual        acc 1.0000  macro-F1 1.0000  (143s)
2026-10-03 22:42:34 | grama.experiments | INFO | grama-fedavg-a0.5-clean-f0-s1-no_id_embedding    acc 0.9914  macro-F1 0.9738  (146s)
2026-10-03 22:45:01 | grama.experiments | INFO | grama-fedavg-a0.5-clean-f0-s1-mean_pool          acc 0.9993  macro-F1 0.9985  (147s)
2026-10-03 22:47:25 | grama.experiments | INFO | grama-fedavg-a0.5-clean-f0-s1-cooccurrence_edges acc 1.0000  macro-F1 1.0000  (145s)
2026-10-03 22:49:10 | grama.experiments | INFO | grama-fedavg-a0.5-clean-f0-s1-gru_instead_of_mamba acc 1.0000  macro-F1 1.0000  (105s)
2026-10-03 22:50:34 | grama.experiments | INFO | grama-fedavg-a0.5-clean-f0-s1-no_temporal        acc 1.0000  macro-F1 1.0000  (83s)
2026-10-03 22:52:28 | grama.experiments | INFO | grama-fedavg-a0.5-clean-f0-s2-no_residual        acc 0.9835  macro-F1 0.8061  (114s)
2026-10-03 22:54:46 | grama.experiments | INFO | grama-fedavg-a0.5-clean-f0-s2-no_id_embedding    acc 0.9828  macro-F1 0.9434  (138s)
2026-10-03 22:57:03 | grama.experiments | INFO | grama-fedavg-a0.5-clean-f0-s2-mean_pool          acc 1.0000  macro-F1 1.0000  (136s)
2026-10-03 22:59:18 | grama.experiments | INFO | grama-fedavg-a0.5-clean-f0-s2-cooccurrence_edges acc 1.0000  macro-F1 1.0000  (135s)
2026-10-03 23:00:46 | grama.experiments | INFO | grama-fedavg-a0.5-clean-f0-s2-gru_instead_of_mamba acc 1.0000  macro-F1 1.0000  (88s)
2026-10-03 23:01:34 | grama.experiments | INFO | grama-fedavg-a0.5-clean-f0-s2-no_temporal        acc 1.0000  macro-F1 1.0000  (48s)

Done in 693.5 min. Results: /home/jovyan/grama/results/full/summary.md
